sm75_f16_u4k32_f16_ttt_fff_64x128x32_2_1x1_mma_h16816_1x4x1_c32x128_a1x32x32_01: 0
sm75_f16_u4k32_f16_ttt_fff_64x128x32_2_1x1_mma_h16816_1x4x1_c32x128_a1x32x32_00: 0
sm75_f16_u4k32_f16_ttt_fff_96x64x64_2_1x1_mma_h16816_1x2x2_c96x64_a1x32x64_01: 0
sm75_f16_u4k128_f16_ttt_fff_16x64x64_2_1x1_mma_h16816_1x2x2_c16x64_a1x32x64_01: 0
sm75_f16_u4k128_f16_ttt_fff_16x128x32_2_1x1_mma_h16816_1x4x1_c16x128_a1x32x32_01: 0
sm75_f16_u4k128_f16_ttt_fff_32x64x64_2_1x1_mma_h16816_1x2x2_c32x64_a1x32x64_01: 0
sm75_f16_u4k128_f16_ttt_fff_48x64x64_2_1x1_mma_h16816_1x2x2_c48x64_a1x32x64_01: 0
sm75_f16_u4k128_f16_ttt_fff_48x128x64_2_1x1_mma_h16816_1x4x1_c48x128_a1x32x64_01: 0
sm75_f16_u4k128_f16_ttt_fff_64x64x64_2_1x1_mma_h16816_1x2x2_c64x64_a1x32x64_01: 0
sm75_f16_u4k128_f16_ttt_fff_64x128x32_2_1x1_mma_h16816_1x4x1_c32x128_a1x32x32_01: 0
sm75_f16_u4k128_f16_ttt_fff_64x128x32_2_1x1_mma_h16816_1x4x1_c32x128_a1x32x32_00: 0
sm75_f16_u4k128_f16_ttt_fff_96x64x64_2_1x1_mma_h16816_1x2x2_c96x64_a1x32x64_01: 0
sm75_e2m1k32_f16_f16_nnn_bib_64x16x64_2_1x1_mma_h16816_4x1x1_ngroup_c64x16_a32x1x64_10: 0
sm75_e2m1k32_f16_f16_nnn_bib_128x16x64_2_1x1_mma_h16816_4x1x1_ngroup_c128x16_a32x1x64_10: 0
sm75_e2m1k32_f16_f16_nnn_bib_128x16x32_2_1x1_mma_h16816_4x1x1_ngroup_c128x16_a32x1x32_10: 0
sm75_e2m1k32_f16_f16_nnn_bib_128x32x32_2_1x1_mma_h16816_4x1x1_ngroup_c128x32_a32x1x32_10: 0
sm75_e2m1k32_f16_f16_nnn_bib_128x64x32_2_1x1_mma_h16816_4x1x1_ngroup_c128x64_a32x1x32_00: 0
sm75_e2m1k32_f16_f16_nnn_bib_128x128x32_2_1x1_mma_h16816_4x1x1_ngroup_c128x64_a32x1x32_00: 0
sm75_f16_u4k32_f16_tnt_ibb_16x64x64_2_1x1_mma_h16816_1x2x2_mgroup_c16x64_a1x1x64_01: 0
sm75_f16_u4k32_f16_tnt_ibb_16x128x32_2_1x1_mma_h16816_1x4x1_mgroup_c16x128_a1x1x32_01: 0
sm75_f16_u4k32_f16_tnt_ibb_32x128x64_2_1x1_mma_h16816_1x4x1_mgroup_c32x128_a1x1x64_01: 0
sm75_f16_u4k128_f16_tnt_ibb_16x64x64_2_1x1_mma_h16816_1x2x2_mgroup_c16x64_a1x1x64_01: 0
sm75_f16_u4k128_f16_tnt_ibb_16x128x32_2_1x1_mma_h16816_1x4x1_mgroup_c16x128_a1x1x32_01: 0
sm75_f16_u4k128_f16_tnt_ibb_32x128x64_2_1x1_mma_h16816_1x4x1_mgroup_c32x128_a1x1x64_01: 0
sm75_f16_u4k128_f16_tnt_ibb_32x64x128_2_1x1_mma_h16816_1x2x2_mgroup_c32x64_a1x1x128_01: 0
sm75_f16_u4k128_f16_tnt_ibb_64x256x32_2_1x1_mma_h16816_1x4x1_mgroup_c32x256_a1x1x32_01: 0
sm75_f16_u4k128_f16_tnt_ibb_64x128x64_2_1x1_mma_h16816_1x4x1_mgroup_c32x128_a1x1x64_01: 0
sm75_f16_u4k128_f16_tnt_ibb_128x128x32_2_1x1_mma_h16816_2x2x1_mgroup_c64x128_a1x1x32_00: 0
sm75_f16_u4k32_f16_ttt_fff_16x64x64_2_1x1_mma_h16816_1x2x2_c16x64_a1x32x64_01: 0
sm75_f16_u4k32_f16_ttt_fff_16x128x32_2_1x1_mma_h16816_1x4x1_c16x128_a1x32x32_01: 0
sm75_f16_u4k32_f16_ttt_fff_32x64x64_2_1x1_mma_h16816_1x2x2_c32x64_a1x32x64_01: 0
sm75_f16_u4k32_f16_ttt_fff_48x64x64_2_1x1_mma_h16816_1x2x2_c48x64_a1x32x64_01: 0
sm75_f16_u4k32_f16_ttt_fff_48x128x64_2_1x1_mma_h16816_1x4x1_c4HINT:    Please open [93m[1mhttp://0.0.0.0:23333[0m in a browser for detailed api usage!!!
HINT:    Please open [93m[1mhttp://0.0.0.0:23333[0m in a browser for detailed api usage!!!
HINT:    Please open [93m[1mhttp://0.0.0.0:23333[0m in a browser for detailed api usage!!!
INFO:     Started server process [1]
INFO:     Waiting for application startup.
INFO:     Application startup complete.
INFO:     Uvicorn running on http://0.0.0.0:23333 (Press CTRL+C to quit)
INFO:     100.119.117.59:48186 - "GET /v1/models HTTP/1.1" 200 OK