sm80_f16_u4k32_f16_ttt_fff_48x128x128_3_1x1_mma_h16816_1x4x2_c48x128_a1x32x128_01: 0
sm80_f16_u4k32_f16_ttt_fff_48x128x64_4_1x1_mma_h16816_1x4x1_c48x128_a1x32x64_01: 0
sm80_f16_u4k32_f16_ttt_fff_48x256x64_3_1x1_mma_h16816_1x4x1_c48x128_a1x32x64_01: 0
sm80_f16_u4k32_f16_ttt_fff_64x64x64_6_1x1_mma_h16816_1x2x2_c64x64_a1x32x64_01: 0
sm80_f16_u4k32_f16_ttt_fff_64x128x128_3_1x1_mma_h16816_1x4x2_c64x128_a1x32x128_01: 0
sm80_f16_u4k32_f16_ttt_fff_64x128x64_3_1x1_mma_h16816_1x4x1_c64x128_a1x32x64_01: 0
sm80_f16_u4k32_f16_ttt_fff_64x128x32_4_1x1_mma_h16816_1x4x1_c64x128_a1x32x32_01: 0
sm80_f16_u4k32_f16_ttt_fff_64x256x32_4_1x1_mma_h16816_1x4x1_c64x128_a1x32x32_01: 0
sm80_f16_u4k32_f16_ttt_fff_64x256x32_3_1x1_mma_h16816_1x4x1_c64x128_a1x32x32_00: 0
sm80_f16_u4k32_f16_ttt_fff_64x256x32_3_1x1_mma_h16816_1x4x1_c64x128_a1x32x32_00: 0
sm80_f16_u4k32_f16_ttt_fff_96x128x32_4_1x1_mma_h16816_1x4x1_c96x128_a1x32x32_01: 0
sm80_f16_u4k32_f16_ttt_fff_96x256x32_3_1x1_mma_h16816_1x8x1_c96x256_a1x32x32_01: 0
sm80_f16_u4k32_f16_ttt_fff_96x256x32_4_1x1_mma_h16816_1x8x1_c96x256_a1x32x32_00: 0
sm80_f16_u4k32_f16_ttt_fff_128x128x64_3_1x1_mma_h16816_1x4x2_c64x128_a1x32x64_01: 0
sm80_f16_u4k32_f16_ttt_fff_128x128x32_4_1x1_mma_h16816_1x4x1_c64x128_a1x32x32_01: 0
sm80_f16_u4k32_f16_ttt_fff_128x128x32_3_1x1_mma_h16816_1x4x1_c64x128_a1x32x32_00: 0
sm80_f16_u4k32_f16_ttt_fff_128x256x32_4_1x1_mma_h16816_1x8x1_c128x128_a1x32x32_00: 0
sm80_f16_u4k32_f16_ttt_fff_128x256x32_3_1x1_mma_h16816_1x8x1_c128x128_a1x32x32_00: 0
sm80_f16_u4k128_f16_ttt_fff_16x128x128_4_1x1_mma_h16816_1x4x2_c16x128_a1x32x128_01: 0
sm80_f16_u4k128_f16_ttt_fff_16x128x128_3_1x1_mma_h16816_1x4x2_c16x128_a1x32x128_01: 0
sm80_f16_u4k128_f16_ttt_fff_32x64x128_4_1x1_mma_h16816_1x2x2_c32x64_a1x32x128_01: 0
sm80_f16_u4k128_f16_ttt_fff_32x64x128_3_1x1_mma_h16816_1x2x2_c32x64_a1x32x128_01: 0
sm80_f16_u4k128_f16_ttt_fff_32x128x128_3_1x1_mma_h16816_1x4x2_c32x128_a1x32x128_01: 0
sm80_f16_u4k128_f16_ttt_fff_32x256x64_3_1x1_mma_h16816_1x4x1_c32x256_a1x32x64_01: 0
sm80_f16_u4k128_f16_ttt_fff_48x64x128_4_1x1_mma_h16816_1x2x2_c48x64_a1x32x128_01: 0
sm80_f16_u4k128_f16_ttt_fff_48x256x64_3_1x1_mma_h16816_1x4x1_c48x128_a1x32x64_01: 0
sm80_f16_u4k128_f16_ttt_fff_64x64x64_6_1x1_mma_h16816_1x2x2_c64x64_a1x32x64_01: 0
sm80_f16_u4k128_f16_ttt_fff_64x128x128_3_1x1_mma_h16816_1x4x2_c64x128_a1x32x128_01: 0
sm80_f16_u4k128_f16_ttt_fff_64x128x64_3_1x1_mma_h16816_1x4x1_c64x128_a1x32x64_01: 0
sm80_f16_u4k128_f16_ttt_fff_64x256x32_4_1x1_mma_h16816_1x4x1_c64x128_a1x32x32_01: 0
sm80_f16_u4k128_f16_ttt_fff_96x128x128_3_1x1_mma_h16816_1x4x2_c96x128_a1x32x128_01: 0
sm80_f16_u4k128_f16_ttt_fff_128x128x64_3_1x1_mma_h16816_1x4x2_c64x128_a1x32x64_01: 0
sm80_f16_u4k128_f16_ttt_fff_128x256x32_4_HINT:    Please open [93m[1mhttp://0.0.0.0:23333[0m in a browser for detailed api usage!!!
HINT:    Please open [93m[1mhttp://0.0.0.0:23333[0m in a browser for detailed api usage!!!
HINT:    Please open [93m[1mhttp://0.0.0.0:23333[0m in a browser for detailed api usage!!!
INFO:     Started server process [1]
INFO:     Waiting for application startup.
INFO:     Application startup complete.
INFO:     Uvicorn running on http://0.0.0.0:23333 (Press CTRL+C to quit)
INFO:     100.119.117.59:47946 - "GET /v1/models HTTP/1.1" 200 OK